// Jest Snapshot v1, https://goo.gl/fbAQLP

exports[`<ChartConfigModal /> should match a snapshot for <ChartConfigModal /> 1`] = `
<div
  aria-labelledby="form-dialog-title"
  class="MuiPaper-root MuiDialog-paper MuiDialog-paperScrollPaper MuiDialog-paperWidthSm MuiPaper-elevation24 MuiPaper-rounded"
  role="dialog"
>
  <div
    class="MuiDialogTitle-root"
    id="form-dialog-title"
  >
    <h2
      class="MuiTypography-root MuiTypography-h6"
    >
      Chart Config
    </h2>
  </div>
  <div
    class="MuiDialogContent-root"
  >
    <div
      class="MuiBox-root MuiBox-root-2 ChartConfigModal-root-1"
    >
      <div
        class="MuiFormControl-root makeStyles-formControl-3"
      >
        <label
          class="MuiFormLabel-root MuiInputLabel-root MuiInputLabel-formControl MuiInputLabel-animated MuiInputLabel-outlined"
          data-shrink="false"
          id="dropdown-label"
        >
          select data source
        </label>
        <div
          class="MuiInputBase-root MuiOutlinedInput-root MuiInputBase-formControl"
          data-testid="dropdown-dataSources"
        >
          <div
            aria-haspopup="listbox"
            aria-labelledby="dropdown-label dropdown-dataSources"
            class="MuiSelect-root MuiSelect-select MuiSelect-selectMenu MuiSelect-outlined MuiInputBase-input MuiOutlinedInput-input"
            id="dropdown-dataSources"
            role="button"
            tabindex="0"
          >
            <span>
              â€‹
            </span>
          </div>
          <input
            aria-hidden="true"
            class="MuiSelect-nativeInput"
            tabindex="-1"
            value=""
          />
          <svg
            aria-hidden="true"
            class="MuiSvgIcon-root MuiSelect-icon MuiSelect-iconOutlined"
            focusable="false"
            viewBox="0 0 24 24"
          >
            <path
              d="M7 10l5 5 5-5z"
            />
          </svg>
          <fieldset
            aria-hidden="true"
            class="PrivateNotchedOutline-root-5 MuiOutlinedInput-notchedOutline"
          >
            <legend
              class="PrivateNotchedOutline-legendLabelled-7"
            >
              <span>
                select data source
              </span>
            </legend>
          </fieldset>
        </div>
      </div>
    </div>
  </div>
  <div
    class="MuiDialogActions-root MuiDialogActions-spacing"
  >
    <button
      class="MuiButtonBase-root MuiButton-root MuiButton-contained MuiButton-containedSecondary"
      tabindex="0"
      type="button"
    >
      <span
        class="MuiButton-label"
      >
        Cancel
      </span>
      <span
        class="MuiTouchRipple-root"
      />
    </button>
    <button
      class="MuiButtonBase-root MuiButton-root MuiButton-contained MuiButton-containedPrimary Mui-disabled Mui-disabled"
      data-testid="button-ok"
      disabled=""
      tabindex="-1"
      type="button"
    >
      <span
        class="MuiButton-label"
      >
        Ok
      </span>
    </button>
  </div>
</div>
`;
