// Jest Snapshot v1, https://goo.gl/fbAQLP

exports[`LineChart should have fetched text in <LineChart /> component 1`] = `
<div>
  <canvas
    class="chartjs-render-monitor"
    height="0"
    style="display: block;"
    width="0"
  />
</div>
`;
