// Jest Snapshot v1, https://goo.gl/fbAQLP

exports[`<ProjectHeader /> should match snapshot 1`] = `
<div>
  <div
    class="MuiBox-root MuiBox-root-2 makeStyles-projectNameBar-1"
  >
    <h5
      class="MuiTypography-root MuiTypography-h5"
    >
      Title
    </h5>
  </div>
</div>
`;
