// Jest Snapshot v1, https://goo.gl/fbAQLP

exports[`URL should provide a url 1`] = `
Object {
  "DATA_SOURCES": "/api/dataSources",
  "getDataUrl": [Function],
  "getHeaderUrl": [Function],
}
`;
