// Jest Snapshot v1, https://goo.gl/fbAQLP

exports[`<ClickableCard /> should match snapshot 1`] = `
<div>
  <div
    class="MuiBox-root MuiBox-root-2"
  >
    <div
      class="MuiBox-root MuiBox-root-4 makeStyles-ClickableCardContainer-3"
    >
      <div
        class="MuiBox-root MuiBox-root-5 makeStyles-addProjectContainer-1"
      >
        <div
          class="MuiBox-root MuiBox-root-6"
        >
          <h6
            class="MuiTypography-root MuiTypography-h6"
          >
             You donâ€™t have any dashboards Yet. 
          </h6>
        </div>
        <p
          class="MuiTypography-root MuiTypography-body2"
        >
           Click here to create your first dashboard. 
        </p>
      </div>
    </div>
  </div>
</div>
`;
