// Jest Snapshot v1, https://goo.gl/fbAQLP

exports[`<App /> should match snapshot 1`] = `
<div>
  <div
    class="makeStyles-root-1"
  >
    <div>
      home
    </div>
  </div>
</div>
`;
